
Allocating common symbols
Common symbol       size              file

Alarm_Monitor_State
                    0x1               Alarm_Monitor.o
P_Func_Led_Driver   0x4               Led_Driver.o
Pressure_Sensor_Value
                    0x4               Pressure_Sensor_Driver.o
Main_Algorithm_State
                    0x1               Main_Algorithm.o
Pressure_Sensor_State
                    0x1               Pressure_Sensor_Driver.o
P_Func_Alarm_Monitor
                    0x4               Alarm_Monitor.o
Led_Driver_State    0x1               Alarm_Monitor.o
P_Func_Pressure_Sensor
                    0x4               Pressure_Sensor_Driver.o
P_Func_Main_Algorithm_State
                    0x4               Main_Algorithm.o

Memory Configuration

Name             Origin             Length             Attributes
flash            0x08000000         0x00020000         xr
sram             0x20000000         0x00005000         xrw
*default*        0x00000000         0xffffffff

Linker script and memory map


.text           0x08000000      0x4f0
 *(.vectors*)
 .vectors       0x08000000       0x4c startup.o
                0x08000000                vectors
 *(.text*)
 .text          0x0800004c       0xa8 Alarm_Monitor.o
                0x0800004c                Alarm_Monitor_init
                0x08000058                High_Pressure_Detected
                0x08000074                ST_Alarm_Monitor_On
                0x080000b0                ST_Alarm_Monitor_Off
                0x080000c8                ST_Alarm_Monitor_Waiting
 .text          0x080000f4       0x84 Led_Driver.o
                0x080000f4                Led_Driver_init
                0x08000100                Start_Alarm
                0x08000130                Stop_Alarm
                0x08000160                ST_Led_Driver_Waiting
 .text          0x08000178       0x88 Main_Algorithm.o
                0x08000178                Set_Pressure_Val
                0x080001a8                ST_Main_High_Pressure_Detected
 .text          0x08000200       0x88 Pressure_Sensor_Driver.o
                0x08000200                Pressure_Sensor_Init
                0x0800020c                ST_Pressure_Sensor_Reading
                0x0800025c                ST_Pressure_Sensor_Waiting
 .text          0x08000288      0x10c driver.o
                0x08000288                Delay
                0x080002ac                getPressureVal
                0x080002c4                Set_Alarm_actuator
                0x08000314                GPIO_INITIALIZATION
 .text          0x08000394       0x9c main.o
                0x08000394                Set_Up
                0x080003f0                main
 .text          0x08000430       0xbc startup.o
                0x08000430                Reset_Handler
                0x080004e0                IRQ0_Handler
                0x080004e0                NMI_Handler
                0x080004e0                Bus_Fault_Handler
                0x080004e0                Usage_fault_Handler
                0x080004e0                RESERVED3_Handler
                0x080004e0                RESERVED0_Handler
                0x080004e0                RESERVED4_Handler
                0x080004e0                MM_Fault_Handler
                0x080004e0                SysTick_Handler
                0x080004e0                RESERVED2_Handler
                0x080004e0                Default_Handler
                0x080004e0                Sv_Call_Handler
                0x080004e0                IRQ2_Handler
                0x080004e0                Debug_reserved_Handler
                0x080004e0                Pendsv_Handler
                0x080004e0                IRQ1_Handler
                0x080004e0                Hard_Fault_Handler
                0x080004e0                RESERVED1_Handler
 *(.rodata*)
 .rodata        0x080004ec        0x4 Main_Algorithm.o
                0x080004ec                Threshold
                0x080004f0                _E_text = .

.glue_7         0x080004f0        0x0
 .glue_7        0x00000000        0x0 linker stubs

.glue_7t        0x080004f0        0x0
 .glue_7t       0x00000000        0x0 linker stubs

.vfp11_veneer   0x080004f0        0x0
 .vfp11_veneer  0x00000000        0x0 linker stubs

.v4_bx          0x080004f0        0x0
 .v4_bx         0x00000000        0x0 linker stubs

.iplt           0x080004f0        0x0
 .iplt          0x00000000        0x0 Alarm_Monitor.o

.rel.dyn        0x080004f0        0x0
 .rel.iplt      0x00000000        0x0 Alarm_Monitor.o

.data           0x20000000        0x4 load address 0x080004f0
                0x20000000                _S_DATA = .
 *(.data*)
 .data          0x20000000        0x4 Alarm_Monitor.o
                0x20000000                alarm_Period
 .data          0x20000004        0x0 Led_Driver.o
 .data          0x20000004        0x0 Main_Algorithm.o
 .data          0x20000004        0x0 Pressure_Sensor_Driver.o
 .data          0x20000004        0x0 driver.o
 .data          0x20000004        0x0 main.o
 .data          0x20000004        0x0 startup.o
                0x20000004                _E_DATA = .

.igot.plt       0x20000004        0x0 load address 0x080004f4
 .igot.plt      0x00000000        0x0 Alarm_Monitor.o

.bss            0x20000004     0x1028 load address 0x080004f4
                0x20000004                _S_BSS = .
 *(.bss*)
 .bss           0x20000004        0x0 Alarm_Monitor.o
 .bss           0x20000004        0x0 Led_Driver.o
 .bss           0x20000004        0x4 Main_Algorithm.o
                0x20000004                main_Pressure_Sensor_Value
 .bss           0x20000008        0x0 Pressure_Sensor_Driver.o
 .bss           0x20000008        0x0 driver.o
 .bss           0x20000008        0x0 main.o
 .bss           0x20000008        0x0 startup.o
                0x20000008                . = ALIGN (0x4)
                0x20000008                _E_BSS = .
                0x20000008                . = ALIGN (0x4)
                0x20001008                . = (. + 0x1000)
 *fill*         0x20000008     0x1000 
                0x20001008                _Stack_top = .
 COMMON         0x20001008        0x9 Alarm_Monitor.o
                0x20001008                Alarm_Monitor_State
                0x2000100c                P_Func_Alarm_Monitor
                0x20001010                Led_Driver_State
 *fill*         0x20001011        0x3 
 COMMON         0x20001014        0x4 Led_Driver.o
                0x20001014                P_Func_Led_Driver
 COMMON         0x20001018        0x8 Main_Algorithm.o
                0x20001018                Main_Algorithm_State
                0x2000101c                P_Func_Main_Algorithm_State
 COMMON         0x20001020        0xc Pressure_Sensor_Driver.o
                0x20001020                Pressure_Sensor_Value
                0x20001024                Pressure_Sensor_State
                0x20001028                P_Func_Pressure_Sensor
LOAD Alarm_Monitor.o
LOAD Led_Driver.o
LOAD Main_Algorithm.o
LOAD Pressure_Sensor_Driver.o
LOAD driver.o
LOAD main.o
LOAD startup.o
OUTPUT(High_Pressure_Detection.elf elf32-littlearm)

.debug_info     0x00000000      0x95b
 .debug_info    0x00000000      0x189 Alarm_Monitor.o
 .debug_info    0x00000189      0x12a Led_Driver.o
 .debug_info    0x000002b3      0x13a Main_Algorithm.o
 .debug_info    0x000003ed      0x12b Pressure_Sensor_Driver.o
 .debug_info    0x00000518      0x111 driver.o
 .debug_info    0x00000629      0x19a main.o
 .debug_info    0x000007c3      0x198 startup.o

.debug_abbrev   0x00000000      0x505
 .debug_abbrev  0x00000000       0xcf Alarm_Monitor.o
 .debug_abbrev  0x000000cf       0xaa Led_Driver.o
 .debug_abbrev  0x00000179       0xb9 Main_Algorithm.o
 .debug_abbrev  0x00000232       0xb7 Pressure_Sensor_Driver.o
 .debug_abbrev  0x000002e9       0x9d driver.o
 .debug_abbrev  0x00000386       0xa7 main.o
 .debug_abbrev  0x0000042d       0xd8 startup.o

.debug_loc      0x00000000      0x3f8
 .debug_loc     0x00000000       0xdc Alarm_Monitor.o
 .debug_loc     0x000000dc       0xb0 Led_Driver.o
 .debug_loc     0x0000018c       0x64 Main_Algorithm.o
 .debug_loc     0x000001f0       0x84 Pressure_Sensor_Driver.o
 .debug_loc     0x00000274       0xc8 driver.o
 .debug_loc     0x0000033c       0x58 main.o
 .debug_loc     0x00000394       0x64 startup.o

.debug_aranges  0x00000000       0xe0
 .debug_aranges
                0x00000000       0x20 Alarm_Monitor.o
 .debug_aranges
                0x00000020       0x20 Led_Driver.o
 .debug_aranges
                0x00000040       0x20 Main_Algorithm.o
 .debug_aranges
                0x00000060       0x20 Pressure_Sensor_Driver.o
 .debug_aranges
                0x00000080       0x20 driver.o
 .debug_aranges
                0x000000a0       0x20 main.o
 .debug_aranges
                0x000000c0       0x20 startup.o

.debug_line     0x00000000      0x390
 .debug_line    0x00000000       0x86 Alarm_Monitor.o
 .debug_line    0x00000086       0x59 Led_Driver.o
 .debug_line    0x000000df       0x71 Main_Algorithm.o
 .debug_line    0x00000150       0x82 Pressure_Sensor_Driver.o
 .debug_line    0x000001d2       0x67 driver.o
 .debug_line    0x00000239       0xab main.o
 .debug_line    0x000002e4       0xac startup.o

.debug_str      0x00000000      0x426
 .debug_str     0x00000000      0x1c6 Alarm_Monitor.o
                                0x262 (size before relaxing)
 .debug_str     0x000001c6       0x5c Led_Driver.o
                                0x1ca (size before relaxing)
 .debug_str     0x00000222       0x88 Main_Algorithm.o
                                0x1ef (size before relaxing)
 .debug_str     0x000002aa       0x91 Pressure_Sensor_Driver.o
                                0x20d (size before relaxing)
 .debug_str     0x0000033b       0x4c driver.o
                                0x182 (size before relaxing)
 .debug_str     0x00000387       0x13 main.o
                                0x29f (size before relaxing)
 .debug_str     0x0000039a       0x8c startup.o
                                0x1b0 (size before relaxing)

.comment        0x00000000       0x11
 .comment       0x00000000       0x11 Alarm_Monitor.o
                                 0x12 (size before relaxing)
 .comment       0x00000000       0x12 Led_Driver.o
 .comment       0x00000000       0x12 Main_Algorithm.o
 .comment       0x00000000       0x12 Pressure_Sensor_Driver.o
 .comment       0x00000000       0x12 driver.o
 .comment       0x00000000       0x12 main.o
 .comment       0x00000000       0x12 startup.o

.ARM.attributes
                0x00000000       0x33
 .ARM.attributes
                0x00000000       0x33 Alarm_Monitor.o
 .ARM.attributes
                0x00000033       0x33 Led_Driver.o
 .ARM.attributes
                0x00000066       0x33 Main_Algorithm.o
 .ARM.attributes
                0x00000099       0x33 Pressure_Sensor_Driver.o
 .ARM.attributes
                0x000000cc       0x33 driver.o
 .ARM.attributes
                0x000000ff       0x33 main.o
 .ARM.attributes
                0x00000132       0x33 startup.o

.debug_frame    0x00000000      0x2c4
 .debug_frame   0x00000000       0x94 Alarm_Monitor.o
 .debug_frame   0x00000094       0x7c Led_Driver.o
 .debug_frame   0x00000110       0x48 Main_Algorithm.o
 .debug_frame   0x00000158       0x60 Pressure_Sensor_Driver.o
 .debug_frame   0x000001b8       0x78 driver.o
 .debug_frame   0x00000230       0x48 main.o
 .debug_frame   0x00000278       0x4c startup.o
