Archive member included to satisfy reference by file (symbol)

C:/ST/STM32CubeIDE_1.4.0/STM32CubeIDE/plugins/com.st.stm32cube.ide.mcu.externaltools.gnu-tools-for-stm32.11.3.rel1.win32_1.1.100.202309141235/tools/bin/../lib/gcc/arm-none-eabi/11.3.1/../../../../arm-none-eabi/lib/thumb/v7-m/nofp\libc_nano.a(libc_a-exit.o)
                              C:/ST/STM32CubeIDE_1.4.0/STM32CubeIDE/plugins/com.st.stm32cube.ide.mcu.externaltools.gnu-tools-for-stm32.11.3.rel1.win32_1.1.100.202309141235/tools/bin/../lib/gcc/arm-none-eabi/11.3.1/../../../../arm-none-eabi/lib/thumb/v7-m/nofp/crt0.o (exit)
C:/ST/STM32CubeIDE_1.4.0/STM32CubeIDE/plugins/com.st.stm32cube.ide.mcu.externaltools.gnu-tools-for-stm32.11.3.rel1.win32_1.1.100.202309141235/tools/bin/../lib/gcc/arm-none-eabi/11.3.1/../../../../arm-none-eabi/lib/thumb/v7-m/nofp\libc_nano.a(libc_a-findfp.o)
                              C:/ST/STM32CubeIDE_1.4.0/STM32CubeIDE/plugins/com.st.stm32cube.ide.mcu.externaltools.gnu-tools-for-stm32.11.3.rel1.win32_1.1.100.202309141235/tools/bin/../lib/gcc/arm-none-eabi/11.3.1/../../../../arm-none-eabi/lib/thumb/v7-m/nofp\libc_nano.a(libc_a-exit.o) (__stdio_exit_handler)
C:/ST/STM32CubeIDE_1.4.0/STM32CubeIDE/plugins/com.st.stm32cube.ide.mcu.externaltools.gnu-tools-for-stm32.11.3.rel1.win32_1.1.100.202309141235/tools/bin/../lib/gcc/arm-none-eabi/11.3.1/../../../../arm-none-eabi/lib/thumb/v7-m/nofp\libc_nano.a(libc_a-fwalk.o)
                              C:/ST/STM32CubeIDE_1.4.0/STM32CubeIDE/plugins/com.st.stm32cube.ide.mcu.externaltools.gnu-tools-for-stm32.11.3.rel1.win32_1.1.100.202309141235/tools/bin/../lib/gcc/arm-none-eabi/11.3.1/../../../../arm-none-eabi/lib/thumb/v7-m/nofp\libc_nano.a(libc_a-findfp.o) (_fwalk_sglue)
C:/ST/STM32CubeIDE_1.4.0/STM32CubeIDE/plugins/com.st.stm32cube.ide.mcu.externaltools.gnu-tools-for-stm32.11.3.rel1.win32_1.1.100.202309141235/tools/bin/../lib/gcc/arm-none-eabi/11.3.1/../../../../arm-none-eabi/lib/thumb/v7-m/nofp\libc_nano.a(libc_a-stdio.o)
                              C:/ST/STM32CubeIDE_1.4.0/STM32CubeIDE/plugins/com.st.stm32cube.ide.mcu.externaltools.gnu-tools-for-stm32.11.3.rel1.win32_1.1.100.202309141235/tools/bin/../lib/gcc/arm-none-eabi/11.3.1/../../../../arm-none-eabi/lib/thumb/v7-m/nofp\libc_nano.a(libc_a-findfp.o) (__sread)
C:/ST/STM32CubeIDE_1.4.0/STM32CubeIDE/plugins/com.st.stm32cube.ide.mcu.externaltools.gnu-tools-for-stm32.11.3.rel1.win32_1.1.100.202309141235/tools/bin/../lib/gcc/arm-none-eabi/11.3.1/../../../../arm-none-eabi/lib/thumb/v7-m/nofp\libc_nano.a(libc_a-memset.o)
                              C:/ST/STM32CubeIDE_1.4.0/STM32CubeIDE/plugins/com.st.stm32cube.ide.mcu.externaltools.gnu-tools-for-stm32.11.3.rel1.win32_1.1.100.202309141235/tools/bin/../lib/gcc/arm-none-eabi/11.3.1/../../../../arm-none-eabi/lib/thumb/v7-m/nofp/crt0.o (memset)
C:/ST/STM32CubeIDE_1.4.0/STM32CubeIDE/plugins/com.st.stm32cube.ide.mcu.externaltools.gnu-tools-for-stm32.11.3.rel1.win32_1.1.100.202309141235/tools/bin/../lib/gcc/arm-none-eabi/11.3.1/../../../../arm-none-eabi/lib/thumb/v7-m/nofp\libc_nano.a(libc_a-closer.o)
                              C:/ST/STM32CubeIDE_1.4.0/STM32CubeIDE/plugins/com.st.stm32cube.ide.mcu.externaltools.gnu-tools-for-stm32.11.3.rel1.win32_1.1.100.202309141235/tools/bin/../lib/gcc/arm-none-eabi/11.3.1/../../../../arm-none-eabi/lib/thumb/v7-m/nofp\libc_nano.a(libc_a-stdio.o) (_close_r)
C:/ST/STM32CubeIDE_1.4.0/STM32CubeIDE/plugins/com.st.stm32cube.ide.mcu.externaltools.gnu-tools-for-stm32.11.3.rel1.win32_1.1.100.202309141235/tools/bin/../lib/gcc/arm-none-eabi/11.3.1/../../../../arm-none-eabi/lib/thumb/v7-m/nofp\libc_nano.a(libc_a-reent.o)
                              C:/ST/STM32CubeIDE_1.4.0/STM32CubeIDE/plugins/com.st.stm32cube.ide.mcu.externaltools.gnu-tools-for-stm32.11.3.rel1.win32_1.1.100.202309141235/tools/bin/../lib/gcc/arm-none-eabi/11.3.1/../../../../arm-none-eabi/lib/thumb/v7-m/nofp\libc_nano.a(libc_a-closer.o) (errno)
C:/ST/STM32CubeIDE_1.4.0/STM32CubeIDE/plugins/com.st.stm32cube.ide.mcu.externaltools.gnu-tools-for-stm32.11.3.rel1.win32_1.1.100.202309141235/tools/bin/../lib/gcc/arm-none-eabi/11.3.1/../../../../arm-none-eabi/lib/thumb/v7-m/nofp\libc_nano.a(libc_a-impure.o)
                              C:/ST/STM32CubeIDE_1.4.0/STM32CubeIDE/plugins/com.st.stm32cube.ide.mcu.externaltools.gnu-tools-for-stm32.11.3.rel1.win32_1.1.100.202309141235/tools/bin/../lib/gcc/arm-none-eabi/11.3.1/../../../../arm-none-eabi/lib/thumb/v7-m/nofp\libc_nano.a(libc_a-reent.o) (_impure_ptr)
C:/ST/STM32CubeIDE_1.4.0/STM32CubeIDE/plugins/com.st.stm32cube.ide.mcu.externaltools.gnu-tools-for-stm32.11.3.rel1.win32_1.1.100.202309141235/tools/bin/../lib/gcc/arm-none-eabi/11.3.1/../../../../arm-none-eabi/lib/thumb/v7-m/nofp\libc_nano.a(libc_a-lseekr.o)
[...]
Memory Configuration

Name             Origin             Length             Attributes
RAM              0x0000000020000000 0x0000000000002800 xrw
FLASH            0x0000000008000000 0x0000000000008000 xr
*default*        0x0000000000000000 0xffffffffffffffff

Linker script and memory map

LOAD C:/ST/STM32CubeIDE_1.4.0/STM32CubeIDE/plugins/com.st.stm32cube.ide.mcu.externaltools.gnu-tools-for-stm32.11.3.rel1.win32_1.1.100.202309141235/tools/bin/../lib/gcc/arm-none-eabi/11.3.1/thumb/v7-m/nofp/crti.o
LOAD C:/ST/STM32CubeIDE_1.4.0/STM32CubeIDE/plugins/com.st.stm32cube.ide.mcu.externaltools.gnu-tools-for-stm32.11.3.rel1.win32_1.1.100.202309141235/tools/bin/../lib/gcc/arm-none-eabi/11.3.1/thumb/v7-m/nofp/crtbegin.o
LOAD C:/ST/STM32CubeIDE_1.4.0/STM32CubeIDE/plugins/com.st.stm32cube.ide.mcu.externaltools.gnu-tools-for-stm32.11.3.rel1.win32_1.1.100.202309141235/tools/bin/../lib/gcc/arm-none-eabi/11.3.1/../../../../arm-none-eabi/lib/thumb/v7-m/nofp/crt0.o
LOAD ./HAL/STM32F03x6_Keypad_Driver.o
LOAD ./HAL/STM32F103x6_LCD_Driver.o
LOAD ./Src/main.o
LOAD ./Src/syscalls.o
LOAD ./Src/sysmem.o
LOAD ./Startup/startup_stm32f103c6tx.o
LOAD ./Stm32_f103c6_Drivers/Stm32_F103c6_EXTI_Driver.o
LOAD ./Stm32_f103c6_Drivers/Stm32_F103c6_GPIO_Driver.o
START GROUP
LOAD C:/ST/STM32CubeIDE_1.4.0/STM32CubeIDE/plugins/com.st.stm32cube.ide.mcu.externaltools.gnu-tools-for-stm32.11.3.rel1.win32_1.1.100.202309141235/tools/bin/../lib/gcc/arm-none-eabi/11.3.1/../../../../arm-none-eabi/lib/thumb/v7-m/nofp\libc_nano.a
LOAD C:/ST/STM32CubeIDE_1.4.0/STM32CubeIDE/plugins/com.st.stm32cube.ide.mcu.externaltools.gnu-tools-for-stm32.11.3.rel1.win32_1.1.100.202309141235/tools/bin/../lib/gcc/arm-none-eabi/11.3.1/../../../../arm-none-eabi/lib/thumb/v7-m/nofp\libm.a
END GROUP
START GROUP
LOAD C:/ST/STM32CubeIDE_1.4.0/STM32CubeIDE/plugins/com.st.stm32cube.ide.mcu.externaltools.gnu-tools-for-stm32.11.3.rel1.win32_1.1.100.202309141235/tools/bin/../lib/gcc/arm-none-eabi/11.3.1/thumb/v7-m/nofp\libgcc.a
LOAD C:/ST/STM32CubeIDE_1.4.0/STM32CubeIDE/plugins/com.st.stm32cube.ide.mcu.externaltools.gnu-tools-for-stm32.11.3.rel1.win32_1.1.100.202309141235/tools/bin/../lib/gcc/arm-none-eabi/11.3.1/../../../../arm-none-eabi/lib/thumb/v7-m/nofp\libg_nano.a
LOAD C:/ST/STM32CubeIDE_1.4.0/STM32CubeIDE/plugins/com.st.stm32cube.ide.mcu.externaltools.gnu-tools-for-stm32.11.3.rel1.win32_1.1.100.202309141235/tools/bin/../lib/gcc/arm-none-eabi/11.3.1/../../../../arm-none-eabi/lib/thumb/v7-m/nofp\libc_nano.a
END GROUP
START GROUP
LOAD C:/ST/STM32CubeIDE_1.4.0/STM32CubeIDE/plugins/com.st.stm32cube.ide.mcu.externaltools.gnu-tools-for-stm32.11.3.rel1.win32_1.1.100.202309141235/tools/bin/../lib/gcc/arm-none-eabi/11.3.1/thumb/v7-m/nofp\libgcc.a
LOAD C:/ST/STM32CubeIDE_1.4.0/STM32CubeIDE/plugins/com.st.stm32cube.ide.mcu.externaltools.gnu-tools-for-stm32.11.3.rel1.win32_1.1.100.202309141235/tools/bin/../lib/gcc/arm-none-eabi/11.3.1/../../../../arm-none-eabi/lib/thumb/v7-m/nofp\libc_nano.a
LOAD C:/ST/STM32CubeIDE_1.4.0/STM32CubeIDE/plugins/com.st.stm32cube.ide.mcu.externaltools.gnu-tools-for-stm32.11.3.rel1.win32_1.1.100.202309141235/tools/bin/../lib/gcc/arm-none-eabi/11.3.1/../../../../arm-none-eabi/lib/thumb/v7-m/nofp\libnosys.a
END GROUP
START GROUP
LOAD C:/ST/STM32CubeIDE_1.4.0/STM32CubeIDE/plugins/com.st.stm32cube.ide.mcu.externaltools.gnu-tools-for-stm32.11.3.rel1.win32_1.1.100.202309141235/tools/bin/../lib/gcc/arm-none-eabi/11.3.1/thumb/v7-m/nofp\libgcc.a
LOAD C:/ST/STM32CubeIDE_1.4.0/STM32CubeIDE/plugins/com.st.stm32cube.ide.mcu.externaltools.gnu-tools-for-stm32.11.3.rel1.win32_1.1.100.202309141235/tools/bin/../lib/gcc/arm-none-eabi/11.3.1/../../../../arm-none-eabi/lib/thumb/v7-m/nofp\libc_nano.a
LOAD C:/ST/STM32CubeIDE_1.4.0/STM32CubeIDE/plugins/com.st.stm32cube.ide.mcu.externaltools.gnu-tools-for-stm32.11.3.rel1.win32_1.1.100.202309141235/tools/bin/../lib/gcc/arm-none-eabi/11.3.1/../../../../arm-none-eabi/lib/thumb/v7-m/nofp\libnosys.a
END GROUP
LOAD C:/ST/STM32CubeIDE_1.4.0/STM32CubeIDE/plugins/com.st.stm32cube.ide.mcu.externaltools.gnu-tools-for-stm32.11.3.rel1.win32_1.1.100.202309141235/tools/bin/../lib/gcc/arm-none-eabi/11.3.1/thumb/v7-m/nofp/crtend.o
LOAD C:/ST/STM32CubeIDE_1.4.0/STM32CubeIDE/plugins/com.st.stm32cube.ide.mcu.externaltools.gnu-tools-for-stm32.11.3.rel1.win32_1.1.100.202309141235/tools/bin/../lib/gcc/arm-none-eabi/11.3.1/thumb/v7-m/nofp/crtn.o
                0x0000000020002800                _estack = (ORIGIN (RAM) + LENGTH (RAM))
                0x0000000000000200                _Min_Heap_Size = 0x200
                0x0000000000000400                _Min_Stack_Size = 0x400

.isr_vector     0x0000000008000000      0x130
                0x0000000008000000                . = ALIGN (0x4)
 *(.isr_vector)
 .isr_vector    0x0000000008000000      0x130 ./Startup/startup_stm32f103c6tx.o
                0x0000000008000000                g_pfnVectors
                0x0000000008000130                . = ALIGN (0x4)

.text           0x0000000008000130      0xd98
                0x0000000008000130                . = ALIGN (0x4)
 *(.text)
 .text          0x0000000008000130       0x40 C:/ST/STM32CubeIDE_1.4.0/STM32CubeIDE/plugins/com.st.stm32cube.ide.mcu.externaltools.gnu-tools-for-stm32.11.3.rel1.win32_1.1.100.202309141235/tools/bin/../lib/gcc/arm-none-eabi/11.3.1/thumb/v7-m/nofp/crtbegin.o
 *(.text*)
 .text.delay_ms
                0x0000000008000170       0x3a ./HAL/STM32F103x6_LCD_Driver.o
 *fill*         0x00000000080001aa        0x2 
 .text.LCD_GPIO_INIT
                0x00000000080001ac      0x158 ./HAL/STM32F103x6_LCD_Driver.o
 .text.HAL_LCD_CLEAR_SCREEN
                0x0000000008000304        0xe ./HAL/STM32F103x6_LCD_Driver.o
                0x0000000008000304                HAL_LCD_CLEAR_SCREEN
 *fill*         0x0000000008000312        0x2 
 .text.HAL_LCD_KICK
                0x0000000008000314       0x2c ./HAL/STM32F103x6_LCD_Driver.o
 .text.HAL_LCD_GOTO_XY
                0x0000000008000340       0x48 ./HAL/STM32F103x6_LCD_Driver.o
                0x0000000008000340                HAL_LCD_GOTO_XY
 .text.HAL_LCD_INIT
                0x0000000008000388       0x34 ./HAL/STM32F103x6_LCD_Driver.o
                0x0000000008000388                HAL_LCD_INIT
 .text.HAL_LCD_WRITE_COMMAND
                0x00000000080003bc       0x44 ./HAL/STM32F103x6_LCD_Driver.o
                0x00000000080003bc                HAL_LCD_WRITE_COMMAND
 .text.HAL_LCD_WRITE_CHAR
                0x0000000008000400       0x44 ./HAL/STM32F103x6_LCD_Driver.o
                0x0000000008000400                HAL_LCD_WRITE_CHAR
 .text.HAL_LCD_WRITE_STRING
                0x0000000008000444       0x5a ./HAL/STM32F103x6_LCD_Driver.o
                0x0000000008000444                HAL_LCD_WRITE_STRING
 .text.wait_msFunc
                0x000000000800049e       0x3a ./Src/main.o
                0x000000000800049e                wait_msFunc
 .text.EXTI9_CallBack
                0x00000000080004d8       0x38 ./Src/main.o
                0x00000000080004d8                EXTI9_CallBack
 .text.main     0x0000000008000510       0x80 ./Src/main.o
                0x0000000008000510                main
 .text.Reset_Handler
                0x0000000008000590       0x50 ./Startup/startup_stm32f103c6tx.o
                0x0000000008000590                Reset_Handler
 .text.Default_Handler
                0x00000000080005e0        0x2 ./Startup/startup_stm32f103c6tx.o
                0x00000000080005e0                TIM8_TRG_COM_IRQHandler
                0x00000000080005e0                TIM8_CC_IRQHandler
                0x00000000080005e0                DebugMon_Handler
                0x00000000080005e0                TIM1_CC_IRQHandler
                0x00000000080005e0                HardFault_Handler
                0x00000000080005e0                TIM6_IRQHandler
                0x00000000080005e0                SysTick_Handler
                0x00000000080005e0                PVD_IRQHandler
                0x00000000080005e0                SDIO_IRQHandler
                0x00000000080005e0                PendSV_Handler
                0x00000000080005e0                NMI_Handler
                0x00000000080005e0                USB_HP_CAN_TX_IRQHandler
                0x00000000080005e0                I2C2_EV_IRQHandler
                0x00000000080005e0                UsageFault_Handler
                0x00000000080005e0                ADC1_2_IRQHandler
                0x00000000080005e0                SPI1_IRQHandler
                0x00000000080005e0                CAN_SCE_IRQHandler
                0x00000000080005e0                TAMPER_IRQHandler
                0x00000000080005e0                TIM8_UP_IRQHandler
                0x00000000080005e0                DMA2_Channel2_IRQHandler
                0x00000000080005e0                DMA1_Channel4_IRQHandler
                0x00000000080005e0                USART3_IRQHandler
                0x00000000080005e0                RTC_IRQHandler
                0x00000000080005e0                DMA1_Channel7_IRQHandler
                0x00000000080005e0                UART5_IRQHandler
                0x00000000080005e0                ADC3_IRQHandler
                0x00000000080005e0                TIM4_IRQHandler
                0x00000000080005e0                CAN_RX1_IRQHandler
                0x00000000080005e0                DMA2_Channel1_IRQHandler
                0x00000000080005e0                I2C1_EV_IRQHandler
                0x00000000080005e0                DMA1_Channel6_IRQHandler
                0x00000000080005e0                UART4_IRQHandler
                0x00000000080005e0                TIM3_IRQHandler
                0x00000000080005e0                RCC_IRQHandler
                0x00000000080005e0                TIM1_TRG_COM_IRQHandler
                0x00000000080005e0                DMA1_Channel1_IRQHandler
                0x00000000080005e0                Default_Handler
                0x00000000080005e0                TIM7_IRQHandler
                0x00000000080005e0                TIM5_IRQHandler
                0x00000000080005e0                SPI2_IRQHandler
                0x00000000080005e0                USB_LP_CAN_RX0_IRQHandler
                0x00000000080005e0                MemManage_Handler
                0x00000000080005e0                SVC_Handler
                0x00000000080005e0                DMA1_Channel5_IRQHandler
                0x00000000080005e0                DMA1_Channel3_IRQHandler
                0x00000000080005e0                FSMC_IRQHandler
                0x00000000080005e0                TIM1_UP_IRQHandler
                0x00000000080005e0                WWDG_IRQHandler
                0x00000000080005e0                TIM2_IRQHandler
                0x00000000080005e0                TIM1_BRK_IRQHandler
                0x00000000080005e0                RTCAlarm_IRQHandler
                0x00000000080005e0                DMA2_Channel4_5_IRQHandler
                0x00000000080005e0                USART2_IRQHandler
                0x00000000080005e0                I2C2_ER_IRQHandler
                0x00000000080005e0                DMA1_Channel2_IRQHandler
                0x00000000080005e0                TIM8_BRK_IRQHandler
                0x00000000080005e0                FLASH_IRQHandler
                0x00000000080005e0                BusFault_Handler
                0x00000000080005e0                USART1_IRQHandler
                0x00000000080005e0                SPI3_IRQHandler
                0x00000000080005e0                I2C1_ER_IRQHandler
                0x00000000080005e0                DMA2_Channel3_IRQHandler
 *fill*         0x00000000080005e2        0x2 
 .text.Enable_NVIC
                0x00000000080005e4       0xcc ./Stm32_f103c6_Drivers/Stm32_F103c6_EXTI_Driver.o
                0x00000000080005e4                Enable_NVIC
 .text.Disable_NVIC
                0x00000000080006b0       0xcc ./Stm32_f103c6_Drivers/Stm32_F103c6_EXTI_Driver.o
                0x00000000080006b0                Disable_NVIC
 .text.Update_EXTI
                0x000000000800077c      0x1d8 ./Stm32_f103c6_Drivers/Stm32_F103c6_EXTI_Driver.o
 .text.MCAL_EXTI_GPIO_Init
                0x0000000008000954       0x16 ./Stm32_f103c6_Drivers/Stm32_F103c6_EXTI_Driver.o
                0x0000000008000954                MCAL_EXTI_GPIO_Init
 *fill*         0x000000000800096a        0x2 
 .text.EXTI0_IRQHandler
                0x000000000800096c       0x24 ./Stm32_f103c6_Drivers/Stm32_F103c6_EXTI_Driver.o
                0x000000000800096c                EXTI0_IRQHandler
 .text.EXTI1_IRQHandler
                0x0000000008000990       0x24 ./Stm32_f103c6_Drivers/Stm32_F103c6_EXTI_Driver.o
                0x0000000008000990                EXTI1_IRQHandler
 .text.EXTI2_IRQHandler
                0x00000000080009b4       0x24 ./Stm32_f103c6_Drivers/Stm32_F103c6_EXTI_Driver.o
                0x00000000080009b4                EXTI2_IRQHandler
 .text.EXTI3_IRQHandler
                0x00000000080009d8       0x24 ./Stm32_f103c6_Drivers/Stm32_F103c6_EXTI_Driver.o
                0x00000000080009d8                EXTI3_IRQHandler
 .text.EXTI4_IRQHandler
                0x00000000080009fc       0x24 ./Stm32_f103c6_Drivers/Stm32_F103c6_EXTI_Driver.o
                0x00000000080009fc                EXTI4_IRQHandler
 .text.EXTI9_5_IRQHandler
                0x0000000008000a20       0xa8 ./Stm32_f103c6_Drivers/Stm32_F103c6_EXTI_Driver.o
                0x0000000008000a20                EXTI9_5_IRQHandler
 .text.EXTI15_10_IRQHandler
                0x0000000008000ac8       0xc4 ./Stm32_f103c6_Drivers/Stm32_F103c6_EXTI_Driver.o
                0x0000000008000ac8                EXTI15_10_IRQHandler
 .text.MCAL_CRLH_Position
                0x0000000008000b8c      0x170 ./Stm32_f103c6_Drivers/Stm32_F103c6_GPIO_Driver.o
                0x0000000008000b8c                MCAL_CRLH_Position
 .text.MCAL_GPIO_INIT
                0x0000000008000cfc      0x114 ./Stm32_f103c6_Drivers/Stm32_F103c6_GPIO_Driver.o
                0x0000000008000cfc                MCAL_GPIO_INIT
 .text.MCAL_GPIO_WritePin
                0x0000000008000e10       0x3c ./Stm32_f103c6_Drivers/Stm32_F103c6_GPIO_Driver.o
                0x0000000008000e10                MCAL_GPIO_WritePin
 .text.MCAL_GPIO_WritePort
                0x0000000008000e4c       0x1c ./Stm32_f103c6_Drivers/Stm32_F103c6_GPIO_Driver.o
                0x0000000008000e4c                MCAL_GPIO_WritePort
 .text.__libc_init_array
                0x0000000008000e68       0x48 C:/ST/STM32CubeIDE_1.4.0/STM32CubeIDE/plugins/com.st.stm32cube.ide.mcu.externaltools.gnu-tools-for-stm32.11.3.rel1.win32_1.1.100.202309141235/tools/bin/../lib/gcc/arm-none-eabi/11.3.1/../../../../arm-none-eabi/lib/thumb/v7-m/nofp\libc_nano.a(libc_a-init.o)
                0x0000000008000e68                __libc_init_array
 *(.glue_7)
 .glue_7        0x0000000008000eb0        0x0 linker stubs
 *(.glue_7t)
 .glue_7t       0x0000000008000eb0        0x0 linker stubs
 *(.eh_frame)
 .eh_frame      0x0000000008000eb0        0x0 C:/ST/STM32CubeIDE_1.4.0/STM32CubeIDE/plugins/com.st.stm32cube.ide.mcu.externaltools.gnu-tools-for-stm32.11.3.rel1.win32_1.1.100.202309141235/tools/bin/../lib/gcc/arm-none-eabi/11.3.1/thumb/v7-m/nofp/crtbegin.o
 *(.init)
 .init          0x0000000008000eb0        0x4 C:/ST/STM32CubeIDE_1.4.0/STM32CubeIDE/plugins/com.st.stm32cube.ide.mcu.externaltools.gnu-tools-for-stm32.11.3.rel1.win32_1.1.100.202309141235/tools/bin/../lib/gcc/arm-none-eabi/11.3.1/thumb/v7-m/nofp/crti.o
                0x0000000008000eb0                _init
 .init          0x0000000008000eb4        0x8 C:/ST/STM32CubeIDE_1.4.0/STM32CubeIDE/plugins/com.st.stm32cube.ide.mcu.externaltools.gnu-tools-for-stm32.11.3.rel1.win32_1.1.100.202309141235/tools/bin/../lib/gcc/arm-none-eabi/11.3.1/thumb/v7-m/nofp/crtn.o
 *(.fini)
 .fini          0x0000000008000ebc        0x4 C:/ST/STM32CubeIDE_1.4.0/STM32CubeIDE/plugins/com.st.stm32cube.ide.mcu.externaltools.gnu-tools-for-stm32.11.3.rel1.win32_1.1.100.202309141235/tools/bin/../lib/gcc/arm-none-eabi/11.3.1/thumb/v7-m/nofp/crti.o
                0x0000000008000ebc                _fini
 .fini          0x0000000008000ec0        0x8 C:/ST/STM32CubeIDE_1.4.0/STM32CubeIDE/plugins/com.st.stm32cube.ide.mcu.externaltools.gnu-tools-for-stm32.11.3.rel1.win32_1.1.100.202309141235/tools/bin/../lib/gcc/arm-none-eabi/11.3.1/thumb/v7-m/nofp/crtn.o
                0x0000000008000ec8                . = ALIGN (0x4)
                0x0000000008000ec8                _etext = .

.vfp11_veneer   0x0000000008000ec8        0x0
 .vfp11_veneer  0x0000000008000ec8        0x0 linker stubs

.v4_bx          0x0000000008000ec8        0x0
 .v4_bx         0x0000000008000ec8        0x0 linker stubs

.iplt           0x0000000008000ec8        0x0
 .iplt          0x0000000008000ec8        0x0 C:/ST/STM32CubeIDE_1.4.0/STM32CubeIDE/plugins/com.st.stm32cube.ide.mcu.externaltools.gnu-tools-for-stm32.11.3.rel1.win32_1.1.100.202309141235/tools/bin/../lib/gcc/arm-none-eabi/11.3.1/thumb/v7-m/nofp/crtbegin.o

.rodata         0x0000000008000ec8       0x1c
                0x0000000008000ec8                . = ALIGN (0x4)
 *(.rodata)
 .rodata        0x0000000008000ec8       0x1c ./Src/main.o
 *(.rodata*)
                0x0000000008000ee4                . = ALIGN (0x4)

.rel.dyn        0x0000000008000ee4        0x0
 .rel.iplt      0x0000000008000ee4        0x0 C:/ST/STM32CubeIDE_1.4.0/STM32CubeIDE/plugins/com.st.stm32cube.ide.mcu.externaltools.gnu-tools-for-stm32.11.3.rel1.win32_1.1.100.202309141235/tools/bin/../lib/gcc/arm-none-eabi/11.3.1/thumb/v7-m/nofp/crtbegin.o

.ARM.extab      0x0000000008000ee4        0x0
                0x0000000008000ee4                . = ALIGN (0x4)
 *(.ARM.extab* .gnu.linkonce.armextab.*)
                0x0000000008000ee4                . = ALIGN (0x4)

.ARM            0x0000000008000ee4        0x0
                0x0000000008000ee4                . = ALIGN (0x4)
                0x0000000008000ee4                __exidx_start = .
 *(.ARM.exidx*)
                0x0000000008000ee4                __exidx_end = .
                0x0000000008000ee4                . = ALIGN (0x4)

.preinit_array  0x0000000008000ee4        0x0
                0x0000000008000ee4                . = ALIGN (0x4)
                0x0000000008000ee4                PROVIDE (__preinit_array_start = .)
 *(.preinit_array*)
                0x0000000008000ee4                PROVIDE (__preinit_array_end = .)
                0x0000000008000ee4                . = ALIGN (0x4)

.init_array     0x0000000008000ee4        0x4
                0x0000000008000ee4                . = ALIGN (0x4)
                0x0000000008000ee4                PROVIDE (__init_array_start = .)
 *(SORT_BY_NAME(.init_array.*))
 *(.init_array*)
 .init_array    0x0000000008000ee4        0x4 C:/ST/STM32CubeIDE_1.4.0/STM32CubeIDE/plugins/com.st.stm32cube.ide.mcu.externaltools.gnu-tools-for-stm32.11.3.rel1.win32_1.1.100.202309141235/tools/bin/../lib/gcc/arm-none-eabi/11.3.1/thumb/v7-m/nofp/crtbegin.o
                0x0000000008000ee8                PROVIDE (__init_array_end = .)
                0x0000000008000ee8                . = ALIGN (0x4)

.fini_array     0x0000000008000ee8        0x4
                0x0000000008000ee8                . = ALIGN (0x4)
                [!provide]                        PROVIDE (__fini_array_start = .)
 *(SORT_BY_NAME(.fini_array.*))
 *(.fini_array*)
 .fini_array    0x0000000008000ee8        0x4 C:/ST/STM32CubeIDE_1.4.0/STM32CubeIDE/plugins/com.st.stm32cube.ide.mcu.externaltools.gnu-tools-for-stm32.11.3.rel1.win32_1.1.100.202309141235/tools/bin/../lib/gcc/arm-none-eabi/11.3.1/thumb/v7-m/nofp/crtbegin.o
                [!provide]                        PROVIDE (__fini_array_end = .)
                0x0000000008000eec                . = ALIGN (0x4)
                0x0000000008000eec                _sidata = LOADADDR (.data)

.data           0x0000000020000000        0x0 load address 0x0000000008000eec
                0x0000000020000000                . = ALIGN (0x4)
                0x0000000020000000                _sdata = .
 *(.data)
 *(.data*)
 *(.RamFunc)
 *(.RamFunc*)
                0x0000000020000000                . = ALIGN (0x4)
                0x0000000020000000                _edata = .

.igot.plt       0x0000000020000000        0x0 load address 0x0000000008000eec
 .igot.plt      0x0000000020000000        0x0 C:/ST/STM32CubeIDE_1.4.0/STM32CubeIDE/plugins/com.st.stm32cube.ide.mcu.externaltools.gnu-tools-for-stm32.11.3.rel1.win32_1.1.100.202309141235/tools/bin/../lib/gcc/arm-none-eabi/11.3.1/thumb/v7-m/nofp/crtbegin.o
                0x0000000020000000                . = ALIGN (0x4)

.bss            0x0000000020000000       0x60 load address 0x0000000008000eec
                0x0000000020000000                _sbss = .
                0x0000000020000000                __bss_start__ = _sbss
 *(.bss)
 .bss           0x0000000020000000       0x1c C:/ST/STM32CubeIDE_1.4.0/STM32CubeIDE/plugins/com.st.stm32cube.ide.mcu.externaltools.gnu-tools-for-stm32.11.3.rel1.win32_1.1.100.202309141235/tools/bin/../lib/gcc/arm-none-eabi/11.3.1/thumb/v7-m/nofp/crtbegin.o
 *(.bss*)
 .bss.Lcd_PinConfig
                0x000000002000001c        0x4 ./HAL/STM32F103x6_LCD_Driver.o
                0x000000002000001c                Lcd_PinConfig
 .bss.IRQ_Flag  0x0000000020000020        0x4 ./Src/main.o
                0x0000000020000020                IRQ_Flag
 .bss.GP_IRQ_Callback
                0x0000000020000024       0x3c ./Stm32_f103c6_Drivers/Stm32_F103c6_EXTI_Driver.o
                0x0000000020000024                GP_IRQ_Callback
 *(COMMON)
                0x0000000020000060                . = ALIGN (0x4)
                0x0000000020000060                _ebss = .
                0x0000000020000060                __bss_end__ = _ebss

._user_heap_stack
                0x0000000020000060      0x600 load address 0x0000000008000eec
                0x0000000020000060                . = ALIGN (0x8)
                [!provide]                        PROVIDE (end = .)
                0x0000000020000060                PROVIDE (_end = .)
                0x0000000020000260                . = (. + _Min_Heap_Size)
 *fill*         0x0000000020000060      0x200 
                0x0000000020000660                . = (. + _Min_Stack_Size)
 *fill*         0x0000000020000260      0x400 
                0x0000000020000660                . = ALIGN (0x8)

/DISCARD/
 libc.a(*)
 libm.a(*)
 libgcc.a(*)

.ARM.attributes
                0x0000000000000000       0x29
 *(.ARM.attributes)
 .ARM.attributes
                0x0000000000000000       0x1d C:/ST/STM32CubeIDE_1.4.0/STM32CubeIDE/plugins/com.st.stm32cube.ide.mcu.externaltools.gnu-tools-for-stm32.11.3.rel1.win32_1.1.100.202309141235/tools/bin/../lib/gcc/arm-none-eabi/11.3.1/thumb/v7-m/nofp/crti.o
 .ARM.attributes
                0x000000000000001d       0x2d C:/ST/STM32CubeIDE_1.4.0/STM32CubeIDE/plugins/com.st.stm32cube.ide.mcu.externaltools.gnu-tools-for-stm32.11.3.rel1.win32_1.1.100.202309141235/tools/bin/../lib/gcc/arm-none-eabi/11.3.1/thumb/v7-m/nofp/crtbegin.o
 .ARM.attributes
                0x000000000000004a       0x2d ./HAL/STM32F103x6_LCD_Driver.o
 .ARM.attributes
                0x0000000000000077       0x2d ./Src/main.o
 .ARM.attributes
                0x00000000000000a4       0x21 ./Startup/startup_stm32f103c6tx.o
 .ARM.attributes
                0x00000000000000c5       0x2d ./Stm32_f103c6_Drivers/Stm32_F103c6_EXTI_Driver.o
 .ARM.attributes
                0x00000000000000f2       0x2d ./Stm32_f103c6_Drivers/Stm32_F103c6_GPIO_Driver.o
 .ARM.attributes
                0x000000000000011f       0x2d C:/ST/STM32CubeIDE_1.4.0/STM32CubeIDE/plugins/com.st.stm32cube.ide.mcu.externaltools.gnu-tools-for-stm32.11.3.rel1.win32_1.1.100.202309141235/tools/bin/../lib/gcc/arm-none-eabi/11.3.1/../../../../arm-none-eabi/lib/thumb/v7-m/nofp\libc_nano.a(libc_a-init.o)
 .ARM.attributes
                0x000000000000014c       0x1d C:/ST/STM32CubeIDE_1.4.0/STM32CubeIDE/plugins/com.st.stm32cube.ide.mcu.externaltools.gnu-tools-for-stm32.11.3.rel1.win32_1.1.100.202309141235/tools/bin/../lib/gcc/arm-none-eabi/11.3.1/thumb/v7-m/nofp/crtn.o
OUTPUT(StmDrivers_GPIO_EXTI.elf elf32-littlearm)
LOAD linker stubs
LOAD C:/ST/STM32CubeIDE_1.4.0/STM32CubeIDE/plugins/com.st.stm32cube.ide.mcu.externaltools.gnu-tools-for-stm32.11.3.rel1.win32_1.1.100.202309141235/tools/bin/../lib/gcc/arm-none-eabi/11.3.1/../../../../arm-none-eabi/lib/thumb/v7-m/nofp\libc.a
LOAD C:/ST/STM32CubeIDE_1.4.0/STM32CubeIDE/plugins/com.st.stm32cube.ide.mcu.externaltools.gnu-tools-for-stm32.11.3.rel1.win32_1.1.100.202309141235/tools/bin/../lib/gcc/arm-none-eabi/11.3.1/../../../../arm-none-eabi/lib/thumb/v7-m/nofp\libm.a
LOAD C:/ST/STM32CubeIDE_1.4.0/STM32CubeIDE/plugins/com.st.stm32cube.ide.mcu.externaltools.gnu-tools-for-stm32.11.3.rel1.win32_1.1.100.202309141235/tools/bin/../lib/gcc/arm-none-eabi/11.3.1/thumb/v7-m/nofp\libgcc.a

.comment        0x0000000000000000       0x43
 .comment       0x0000000000000000       0x43 C:/ST/STM32CubeIDE_1.4.0/STM32CubeIDE/plugins/com.st.stm32cube.ide.mcu.externaltools.gnu-tools-for-stm32.11.3.rel1.win32_1.1.100.202309141235/tools/bin/../lib/gcc/arm-none-eabi/11.3.1/thumb/v7-m/nofp/crtbegin.o
                                         0x44 (size before relaxing)
 .comment       0x0000000000000043       0x44 ./HAL/STM32F103x6_LCD_Driver.o
 .comment       0x0000000000000043       0x44 ./Src/main.o
 .comment       0x0000000000000043       0x44 ./Stm32_f103c6_Drivers/Stm32_F103c6_EXTI_Driver.o
 .comment       0x0000000000000043       0x44 ./Stm32_f103c6_Drivers/Stm32_F103c6_GPIO_Driver.o

.debug_info     0x0000000000000000     0x1181
 .debug_info    0x0000000000000000      0x37d ./HAL/STM32F103x6_LCD_Driver.o
 .debug_info    0x000000000000037d      0x3ab ./Src/main.o
 .debug_info    0x0000000000000728       0x22 ./Startup/startup_stm32f103c6tx.o
 .debug_info    0x000000000000074a      0x4f6 ./Stm32_f103c6_Drivers/Stm32_F103c6_EXTI_Driver.o
 .debug_info    0x0000000000000c40      0x541 ./Stm32_f103c6_Drivers/Stm32_F103c6_GPIO_Driver.o

.debug_abbrev   0x0000000000000000      0x5ae
 .debug_abbrev  0x0000000000000000      0x174 ./HAL/STM32F103x6_LCD_Driver.o
 .debug_abbrev  0x0000000000000174      0x161 ./Src/main.o
 .debug_abbrev  0x00000000000002d5       0x12 ./Startup/startup_stm32f103c6tx.o
 .debug_abbrev  0x00000000000002e7      0x19a ./Stm32_f103c6_Drivers/Stm32_F103c6_EXTI_Driver.o
 .debug_abbrev  0x0000000000000481      0x12d ./Stm32_f103c6_Drivers/Stm32_F103c6_GPIO_Driver.o

.debug_loc      0x0000000000000000      0xa64
 .debug_loc     0x0000000000000000      0x278 ./HAL/STM32F103x6_LCD_Driver.o
 .debug_loc     0x0000000000000278       0xe4 ./Src/main.o
 .debug_loc     0x000000000000035c      0x320 ./Stm32_f103c6_Drivers/Stm32_F103c6_EXTI_Driver.o
 .debug_loc     0x000000000000067c      0x3e8 ./Stm32_f103c6_Drivers/Stm32_F103c6_GPIO_Driver.o

.debug_aranges  0x0000000000000000      0x1b0
 .debug_aranges
                0x0000000000000000       0x68 ./HAL/STM32F103x6_LCD_Driver.o
 .debug_aranges
                0x0000000000000068       0x30 ./Src/main.o
 .debug_aranges
                0x0000000000000098       0x28 ./Startup/startup_stm32f103c6tx.o
 .debug_aranges
                0x00000000000000c0       0x80 ./Stm32_f103c6_Drivers/Stm32_F103c6_EXTI_Driver.o
 .debug_aranges
                0x0000000000000140       0x70 ./Stm32_f103c6_Drivers/Stm32_F103c6_GPIO_Driver.o

.debug_ranges   0x0000000000000000      0x168
 .debug_ranges  0x0000000000000000       0x58 ./HAL/STM32F103x6_LCD_Driver.o
 .debug_ranges  0x0000000000000058       0x20 ./Src/main.o
 .debug_ranges  0x0000000000000078       0x20 ./Startup/startup_stm32f103c6tx.o
 .debug_ranges  0x0000000000000098       0x70 ./Stm32_f103c6_Drivers/Stm32_F103c6_EXTI_Driver.o
 .debug_ranges  0x0000000000000108       0x60 ./Stm32_f103c6_Drivers/Stm32_F103c6_GPIO_Driver.o

.debug_macro    0x0000000000000000     0x1382
 .debug_macro   0x0000000000000000      0x18a ./HAL/STM32F103x6_LCD_Driver.o
 .debug_macro   0x000000000000018a       0x28 ./HAL/STM32F103x6_LCD_Driver.o
 .debug_macro   0x00000000000001b2       0x22 ./HAL/STM32F103x6_LCD_Driver.o
 .debug_macro   0x00000000000001d4       0x5b ./HAL/STM32F103x6_LCD_Driver.o
 .debug_macro   0x000000000000022f       0x24 ./HAL/STM32F103x6_LCD_Driver.o
 .debug_macro   0x0000000000000253       0x94 ./HAL/STM32F103x6_LCD_Driver.o
 .debug_macro   0x00000000000002e7       0x43 ./HAL/STM32F103x6_LCD_Driver.o
 .debug_macro   0x000000000000032a       0x34 ./HAL/STM32F103x6_LCD_Driver.o
 .debug_macro   0x000000000000035e       0x16 ./HAL/STM32F103x6_LCD_Driver.o
 .debug_macro   0x0000000000000374       0x57 ./HAL/STM32F103x6_LCD_Driver.o
 .debug_macro   0x00000000000003cb       0x97 ./HAL/STM32F103x6_LCD_Driver.o
 .debug_macro   0x0000000000000462      0x369 ./HAL/STM32F103x6_LCD_Driver.o
 .debug_macro   0x00000000000007cb       0xfd ./HAL/STM32F103x6_LCD_Driver.o
 .debug_macro   0x00000000000008c8       0x10 ./HAL/STM32F103x6_LCD_Driver.o
 .debug_macro   0x00000000000008d8       0x16 ./HAL/STM32F103x6_LCD_Driver.o
 .debug_macro   0x00000000000008ee       0x43 ./HAL/STM32F103x6_LCD_Driver.o
 .debug_macro   0x0000000000000931       0x34 ./HAL/STM32F103x6_LCD_Driver.o
 .debug_macro   0x0000000000000965       0x10 ./HAL/STM32F103x6_LCD_Driver.o
 .debug_macro   0x0000000000000975       0x58 ./HAL/STM32F103x6_LCD_Driver.o
 .debug_macro   0x00000000000009cd       0x8e ./HAL/STM32F103x6_LCD_Driver.o
 .debug_macro   0x0000000000000a5b       0x1c ./HAL/STM32F103x6_LCD_Driver.o
 .debug_macro   0x0000000000000a77      0x177 ./HAL/STM32F103x6_LCD_Driver.o
 .debug_macro   0x0000000000000bee       0x16 ./HAL/STM32F103x6_LCD_Driver.o
 .debug_macro   0x0000000000000c04       0x16 ./HAL/STM32F103x6_LCD_Driver.o
 .debug_macro   0x0000000000000c1a      0x147 ./HAL/STM32F103x6_LCD_Driver.o
 .debug_macro   0x0000000000000d61       0x16 ./HAL/STM32F103x6_LCD_Driver.o
 .debug_macro   0x0000000000000d77       0x35 ./HAL/STM32F103x6_LCD_Driver.o
 .debug_macro   0x0000000000000dac       0x16 ./HAL/STM32F103x6_LCD_Driver.o
 .debug_macro   0x0000000000000dc2       0x29 ./HAL/STM32F103x6_LCD_Driver.o
 .debug_macro   0x0000000000000deb       0x9a ./HAL/STM32F103x6_LCD_Driver.o
 .debug_macro   0x0000000000000e85      0x197 ./Src/main.o
 .debug_macro   0x000000000000101c       0xca ./Src/main.o
 .debug_macro   0x00000000000010e6      0x202 ./Src/main.o
 .debug_macro   0x00000000000012e8       0x59 ./Stm32_f103c6_Drivers/Stm32_F103c6_EXTI_Driver.o
 .debug_macro   0x0000000000001341       0x41 ./Stm32_f103c6_Drivers/Stm32_F103c6_GPIO_Driver.o

.debug_line     0x0000000000000000     0x190c
 .debug_line    0x0000000000000000      0x88e ./HAL/STM32F103x6_LCD_Driver.o
 .debug_line    0x000000000000088e      0x705 ./Src/main.o
 .debug_line    0x0000000000000f93       0x84 ./Startup/startup_stm32f103c6tx.o
 .debug_line    0x0000000000001017      0x52d ./Stm32_f103c6_Drivers/Stm32_F103c6_EXTI_Driver.o
 .debug_line    0x0000000000001544      0x3c8 ./Stm32_f103c6_Drivers/Stm32_F103c6_GPIO_Driver.o

.debug_str      0x0000000000000000     0x9b11
 .debug_str     0x0000000000000000     0x82d2 ./HAL/STM32F103x6_LCD_Driver.o
                                       0x83fe (size before relaxing)
 .debug_str     0x00000000000082d2     0x1477 ./Src/main.o
                                       0x9730 (size before relaxing)
 .debug_str     0x0000000000009749       0x2f ./Startup/startup_stm32f103c6tx.o
                                         0x76 (size before relaxing)
 .debug_str     0x0000000000009778      0x258 ./Stm32_f103c6_Drivers/Stm32_F103c6_EXTI_Driver.o
                                       0x5669 (size before relaxing)
 .debug_str     0x00000000000099d0      0x141 ./Stm32_f103c6_Drivers/Stm32_F103c6_GPIO_Driver.o
                                       0x4312 (size before relaxing)

.debug_frame    0x0000000000000000      0x578
 .debug_frame   0x0000000000000000      0x154 ./HAL/STM32F103x6_LCD_Driver.o
 .debug_frame   0x0000000000000154       0x80 ./Src/main.o
 .debug_frame   0x00000000000001d4      0x1b0 ./Stm32_f103c6_Drivers/Stm32_F103c6_EXTI_Driver.o
 .debug_frame   0x0000000000000384      0x1c8 ./Stm32_f103c6_Drivers/Stm32_F103c6_GPIO_Driver.o
 .debug_frame   0x000000000000054c       0x2c C:/ST/STM32CubeIDE_1.4.0/STM32CubeIDE/plugins/com.st.stm32cube.ide.mcu.externaltools.gnu-tools-for-stm32.11.3.rel1.win32_1.1.100.202309141235/tools/bin/../lib/gcc/arm-none-eabi/11.3.1/../../../../arm-none-eabi/lib/thumb/v7-m/nofp\libc_nano.a(libc_a-init.o)
