
Memory Configuration

Name             Origin             Length             Attributes
flash            0x00000000         0x20000000         xr
sram             0x20000000         0x20000000         xrw
*default*        0x00000000         0xffffffff

Linker script and memory map


.text           0x00000000      0x154
 *(.vectors*)
 .vectors       0x00000000       0x1c CortexM4_startup.o
                0x00000000                g_p_fn_vectors
 *(.text*)
 .text          0x0000001c       0x90 CortexM4_startup.o
                0x0000001c                NMI_Handler
                0x0000001c                H_Fault_Handler
                0x0000001c                Default_Hundler
                0x0000001c                MM_Fault_Handler
                0x0000001c                Bus_Fault
                0x0000001c                Usage_Fault_Handler
                0x00000028                Reset_Hundler
 .text          0x000000ac       0xa0 main.o
                0x000000ac                main
                0x00000124                relay_count
 *(.rodata*)
 .rodata        0x0000014c        0x8 main.o
                0x0000014c                mina_const
                0x00000154                _E_TEXT = .

.glue_7         0x00000154        0x0
 .glue_7        0x00000154        0x0 linker stubs

.glue_7t        0x00000154        0x0
 .glue_7t       0x00000154        0x0 linker stubs

.vfp11_veneer   0x00000154        0x0
 .vfp11_veneer  0x00000154        0x0 linker stubs

.v4_bx          0x00000154        0x0
 .v4_bx         0x00000154        0x0 linker stubs

.iplt           0x00000154        0x0
 .iplt          0x00000154        0x0 CortexM4_startup.o

.rel.dyn        0x00000154        0x0
 .rel.iplt      0x00000154        0x0 CortexM4_startup.o

.data           0x20000000        0x0 load address 0x00000154
                0x20000000                _S_DATA = .
 *(.data*)
 .data          0x20000000        0x0 CortexM4_startup.o
 .data          0x20000000        0x0 main.o
                0x20000000                . = ALIGN (0x4)
                0x20000000                _E_DATA = .

.igot.plt       0x20000000        0x0 load address 0x00000154
 .igot.plt      0x20000000        0x0 CortexM4_startup.o

.bss            0x20000000      0x400 load address 0x00000154
                0x20000000                _S_BSS = .
 *(.bss*)
 .bss           0x20000000      0x400 CortexM4_startup.o
 .bss           0x20000400        0x0 main.o
                0x20000400                . = ALIGN (0x4)
                0x20000400                _E_BSS = .
LOAD CortexM4_startup.o
LOAD main.o
OUTPUT(Embedded_C_Lesson_4_Lab_3.elf elf32-littlearm)
LOAD linker stubs

.debug_info     0x00000000      0x309
 .debug_info    0x00000000      0x1da CortexM4_startup.o
 .debug_info    0x000001da      0x12f main.o

.debug_abbrev   0x00000000      0x1c5
 .debug_abbrev  0x00000000       0xf7 CortexM4_startup.o
 .debug_abbrev  0x000000f7       0xce main.o

.debug_loc      0x00000000      0x110
 .debug_loc     0x00000000       0x7c CortexM4_startup.o
 .debug_loc     0x0000007c       0x94 main.o

.debug_aranges  0x00000000       0x40
 .debug_aranges
                0x00000000       0x20 CortexM4_startup.o
 .debug_aranges
                0x00000020       0x20 main.o

.debug_line     0x00000000      0x16d
 .debug_line    0x00000000       0xd4 CortexM4_startup.o
 .debug_line    0x000000d4       0x99 main.o

.debug_str      0x00000000      0x26a
 .debug_str     0x00000000      0x1be CortexM4_startup.o
                                0x1e5 (size before relaxing)
 .debug_str     0x000001be       0xac main.o
                                0x1a4 (size before relaxing)

.comment        0x00000000       0x49
 .comment       0x00000000       0x49 CortexM4_startup.o
                                 0x4a (size before relaxing)
 .comment       0x00000049       0x4a main.o

.ARM.attributes
                0x00000000       0x2e
 .ARM.attributes
                0x00000000       0x2e CortexM4_startup.o
 .ARM.attributes
                0x0000002e       0x2e main.o

.debug_frame    0x00000000       0xa8
 .debug_frame   0x00000000       0x50 CortexM4_startup.o
 .debug_frame   0x00000050       0x58 main.o
