
Allocating common symbols
Common symbol       size              file

var_three_bss       0x1               main.o

Memory Configuration

Name             Origin             Length             Attributes
flash            0x08000000         0x00020000         xr
sram             0x20000000         0x00005000         xrw
*default*        0x00000000         0xffffffff

Linker script and memory map


.text           0x08000000      0x1f4
 *(.vectors*)
 .vectors       0x08000000       0x4c startup.o
                0x08000000                G_Ptr_Func_vectors
 *(.text*)
 .text          0x0800004c       0xe8 main.o
                0x0800004c                NMI_Handler
                0x08000058                Usage_fault_Handler
                0x08000064                main
 .text          0x08000134       0xbc startup.o
                0x08000134                Reset_Handler
                0x080001e4                Bus_Fault_Handler
                0x080001e4                RESERVED3_Handler
                0x080001e4                RESERVED0_Handler
                0x080001e4                RESERVED4_Handler
                0x080001e4                MM_Fault_Handler
                0x080001e4                IRQ0_Handler
                0x080001e4                SysTick_Handler
                0x080001e4                RESERVED2_Handler
                0x080001e4                Default_Handler
                0x080001e4                Sv_Call_Handler
                0x080001e4                IRQ2_Handler
                0x080001e4                Debug_reserved_Handler
                0x080001e4                Pendsv_Handler
                0x080001e4                IRQ1_Handler
                0x080001e4                Hard_Fault_Handler
                0x080001e4                RESERVED1_Handler
 *(.rodata*)
 .rodata        0x080001f0        0x4 main.o
                0x080001f0                var_two_const
                0x080001f4                _E_text = .

.glue_7         0x080001f4        0x0
 .glue_7        0x00000000        0x0 linker stubs

.glue_7t        0x080001f4        0x0
 .glue_7t       0x00000000        0x0 linker stubs

.vfp11_veneer   0x080001f4        0x0
 .vfp11_veneer  0x00000000        0x0 linker stubs

.v4_bx          0x080001f4        0x0
 .v4_bx         0x00000000        0x0 linker stubs

.iplt           0x080001f4        0x0
 .iplt          0x00000000        0x0 main.o

.rel.dyn        0x080001f4        0x0
 .rel.iplt      0x00000000        0x0 main.o

.data           0x20000000        0x4 load address 0x080001f4
                0x20000000                _S_DATA = .
 *(.data*)
 .data          0x20000000        0x4 main.o
                0x20000000                var_one
 .data          0x20000004        0x0 startup.o
                0x20000004                _E_DATA = .

.igot.plt       0x20000004        0x0 load address 0x080001f8
 .igot.plt      0x00000000        0x0 main.o

.bss            0x20000004      0x401 load address 0x080001f8
                0x20000004                _S_BSS = .
 *(.bss*)
 .bss           0x20000004        0x0 main.o
 .bss           0x20000004      0x400 startup.o
                0x20000404                _E_BSS = .
 COMMON         0x20000404        0x1 main.o
                0x20000404                var_three_bss
LOAD main.o
LOAD startup.o
OUTPUT(Lab4_CortexM4.elf elf32-littlearm)

.debug_info     0x00000000      0x2e5
 .debug_info    0x00000000      0x127 main.o
 .debug_info    0x00000127      0x1be startup.o

.debug_abbrev   0x00000000      0x196
 .debug_abbrev  0x00000000       0xab main.o
 .debug_abbrev  0x000000ab       0xeb startup.o

.debug_loc      0x00000000       0xf4
 .debug_loc     0x00000000       0x90 main.o
 .debug_loc     0x00000090       0x64 startup.o

.debug_aranges  0x00000000       0x40
 .debug_aranges
                0x00000000       0x20 main.o
 .debug_aranges
                0x00000020       0x20 startup.o

.debug_line     0x00000000      0x126
 .debug_line    0x00000000       0x7a main.o
 .debug_line    0x0000007a       0xac startup.o

.debug_str      0x00000000      0x1e1
 .debug_str     0x00000000      0x14b main.o
                                0x164 (size before relaxing)
 .debug_str     0x0000014b       0x96 startup.o
                                0x1a9 (size before relaxing)

.comment        0x00000000       0x11
 .comment       0x00000000       0x11 main.o
                                 0x12 (size before relaxing)
 .comment       0x00000000       0x12 startup.o

.ARM.attributes
                0x00000000       0x33
 .ARM.attributes
                0x00000000       0x33 main.o
 .ARM.attributes
                0x00000033       0x33 startup.o

.debug_frame    0x00000000       0xa8
 .debug_frame   0x00000000       0x5c main.o
 .debug_frame   0x0000005c       0x4c startup.o
